
> sree-venkatesswara-site@1.0.0 build
> next build

   Creating an optimized production build ...
 Γ£ô Compiled successfully
   Linting and checking validity of types ...
node.exe :  Γ¿» ESLint: Invalid Options: - Unknown options: useEslintrc, 
extensions - 'extensions' has been removed.
At line:1 char:1
+ & "C:\Program Files\nodejs/node.exe" "C:\Program Files\nodejs/node_mo ...
+ ~~~~~~~~~~~~~~~~~~~~~~~~~~~~~~~~~~~~~~~~~~~~~~~~~~~~~~~~~~~~~~~~~~~~~
    + CategoryInfo          : NotSpecified: ( Γ¿» ESLint: In...s been removed. 
   :String) [], RemoteException
    + FullyQualifiedErrorId : NativeCommandError
 
   Collecting page data ...
[PRISMA] Initializing Prisma client...
[PRISMA] DATABASE_URL exists: true
[PRISMA] DATABASE_URL: postgresql://***@ep-empty-mud-ahnvswpt-pooler.c-3.us-east-1.aws.neon.tech/neondb?sslmode=require&channel_binding=require
[PRISMA] Initializing Prisma client...
[PRISMA] DATABASE_URL exists: true
[PRISMA] DATABASE_URL: postgresql://***@ep-empty-mud-ahnvswpt-pooler.c-3.us-east-1.aws.neon.tech/neondb?sslmode=require&channel_binding=require
[PRISMA] Initializing Prisma client...
[PRISMA] DATABASE_URL exists: true
[PRISMA] DATABASE_URL: postgresql://***@ep-empty-mud-ahnvswpt-pooler.c-3.us-east-1.aws.neon.tech/neondb?sslmode=require&channel_binding=require
[PRISMA] Database connected successfully
[PRISMA] Database connected successfully
[PRISMA] Database connected successfully
   Generating static pages (0/31) ...

   Generating static pages (7/31) 

   Generating static pages (15/31) 

   Generating static pages (23/31) 

 Γ£ô Generating static pages (31/31) 
   Finalizing page optimization ...
   Collecting build traces ...

Route (pages)                                  Size     First Load JS
Γöî Γùï /                                          8.36 kB         141 kB
Γö£   /_app                                      0 B             133 kB
Γö£ Γùï /404                                       184 B           133 kB
Γö£ Γùï /about (457 ms)                            2.32 kB         135 kB
Γö£ ╬╗ /admin                                     2.73 kB         143 kB
Γö£ ╬╗ /admin/activity-log                        2.28 kB         142 kB
Γö£ Γùï /admin/blogs (390 ms)                      8.68 kB         149 kB
Γö£ ╬╗ /admin/change-password                     3.2 kB          143 kB
Γö£ Γùï /admin/customers (436 ms)                  2.1 kB          142 kB
Γö£ Γùï /admin/customers/[id]                      22.3 kB         162 kB
Γö£ Γùï /admin/enquiries                           11 kB           155 kB
Γö£ Γùï /admin/invoices                            7.48 kB         147 kB
Γö£ Γùï /admin/invoices/[id]                       9.21 kB         149 kB
Γö£ Γùï /admin/invoices/create                     8.26 kB         148 kB
Γö£ ╬╗ /admin/login                               7.2 kB          140 kB
Γö£ Γùï /admin/notifications                       1.69 kB         142 kB
Γö£ Γùï /admin/profile                             9.09 kB         149 kB
Γö£ ╬╗ /admin/projects                            4.59 kB         148 kB
Γö£ ╬╗ /admin/projects/[id]                       17.3 kB         157 kB
Γö£ Γùï /admin/projects/create                     503 B           144 kB
Γö£ ╬╗ /admin/projects/edit/[id]                  1.04 kB         144 kB
Γö£ Γùï /admin/quotations                          1.8 kB          142 kB
Γö£ Γùï /admin/quotations/[id]                     2.65 kB         135 kB
Γö£ Γùï /admin/quotations/builder                  230 B           159 kB
Γö£ Γùï /admin/quotations/create                   309 B           159 kB
Γö£ ╬╗ /admin/register                            3.05 kB         141 kB
Γö£ Γùï /admin/services                            6.66 kB         147 kB
Γö£ Γùï /admin/settings                            8.51 kB         148 kB
Γö£ Γùï /admin/testimonials                        11 kB           151 kB
Γö£ Γùï /admin/uploads                             8.09 kB         148 kB
Γö£ ╬╗ /api/about/stats                           0 B             133 kB
Γö£ ╬╗ /api/admin/change-password                 0 B             133 kB
Γö£ ╬╗ /api/admin/logout                          0 B             133 kB
Γö£ ╬╗ /api/admin/profile                         0 B             133 kB
Γö£ ╬╗ /api/auth/[...nextauth]                    0 B             133 kB
Γö£ ╬╗ /api/auth/register/create-account          0 B             133 kB
Γö£ ╬╗ /api/auth/register/resend-otp              0 B             133 kB
Γö£ ╬╗ /api/auth/register/send-otp                0 B             133 kB
Γö£ ╬╗ /api/auth/register/verify-otp              0 B             133 kB
Γö£ ╬╗ /api/blogs                                 0 B             133 kB
Γö£ ╬╗ /api/customers                             0 B             133 kB
Γö£ ╬╗ /api/customers/[id]                        0 B             133 kB
Γö£ ╬╗ /api/customers/[id]/invoices               0 B             133 kB
Γö£ ╬╗ /api/customers/[id]/payments               0 B             133 kB
Γö£ ╬╗ /api/customers/[id]/projects               0 B             133 kB
Γö£ ╬╗ /api/customers/[id]/quotations             0 B             133 kB
Γö£ ╬╗ /api/customers/[id]/timeline               0 B             133 kB
Γö£ ╬╗ /api/debug-email-config                    0 B             133 kB
Γö£ ╬╗ /api/email/contact                         0 B             133 kB
Γö£ ╬╗ /api/email/enquiry                         0 B             133 kB
Γö£ ╬╗ /api/email/quotation                       0 B             133 kB
Γö£ ╬╗ /api/email/quote                           0 B             133 kB
Γö£ ╬╗ /api/enquiries                             0 B             133 kB
Γö£ ╬╗ /api/enquiries/[id]                        0 B             133 kB
Γö£ ╬╗ /api/enquiries/[id]/convert                0 B             133 kB
Γö£ ╬╗ /api/enquiries/export                      0 B             133 kB
Γö£ ╬╗ /api/invoices                              0 B             133 kB
Γö£ ╬╗ /api/invoices/[id]                         0 B             133 kB
Γö£ ╬╗ /api/invoices/[id]/pdf                     0 B             133 kB
Γö£ ╬╗ /api/invoices/[id]/record-payment          0 B             133 kB
Γö£ ╬╗ /api/labour                                0 B             133 kB
Γö£ ╬╗ /api/labour/[id]                           0 B             133 kB
Γö£ ╬╗ /api/notifications                         0 B             133 kB
Γö£ ╬╗ /api/projects                              0 B             133 kB
Γö£ ╬╗ /api/projects/[id]                         0 B             133 kB
Γö£ ╬╗ /api/projects/[id]/documents               0 B             133 kB
Γö£ ╬╗ /api/projects/[id]/materials               0 B             133 kB
Γö£ ╬╗ /api/projects/[id]/materials/[materialId]  0 B             133 kB
Γö£ ╬╗ /api/projects/[id]/payments                0 B             133 kB
Γö£ ╬╗ /api/projects/[id]/payments/[paymentId]    0 B             133 kB
Γö£ ╬╗ /api/projects/[id]/progress                0 B             133 kB
Γö£ ╬╗ /api/projects/[id]/timeline                0 B             133 kB
Γö£ ╬╗ /api/quotations                            0 B             133 kB
Γö£ ╬╗ /api/quotations/[id]                       0 B             133 kB
Γö£ ╬╗ /api/quotations/[id]/convert               0 B             133 kB
Γö£ ╬╗ /api/quotations/pdf                        0 B             133 kB
Γö£ ╬╗ /api/services                              0 B             133 kB
Γö£ ╬╗ /api/services/[id]                         0 B             133 kB
Γö£ ╬╗ /api/settings                              0 B             133 kB
Γö£ ╬╗ /api/sitemap                               0 B             133 kB
Γö£ ╬╗ /api/test-enquiry-autoreply                0 B             133 kB
Γö£ ╬╗ /api/test-otp-flow                         0 B             133 kB
Γö£ ╬╗ /api/test/otp                              0 B             133 kB
Γö£ ╬╗ /api/testimonials                          0 B             133 kB
Γö£ ╬╗ /api/testimonials/[id]                     0 B             133 kB
Γö£ ╬╗ /api/upload                                0 B             133 kB
Γö£ ╬╗ /api/upload/[id]                           0 B             133 kB
Γö£ ╬╗ /api/upload/delete                         0 B             133 kB
Γö£ ╬╗ /api/upload/files                          0 B             133 kB
Γö£ Γùï /blog                                      2.23 kB         138 kB
Γö£ Γùï /blog/[slug]                               2.49 kB         139 kB
Γö£ Γùï /contact                                   1.98 kB         135 kB
Γö£ ╬╗ /projects                                  1.82 kB         134 kB
Γö£ ╬╗ /projects/[id]                             1.78 kB         138 kB
Γö£ Γùï /services                                  2.39 kB         135 kB
Γö£ Γùï /services/[slug]                           2.27 kB         138 kB
Γö£ Γùï /share-your-experience                     2.73 kB         135 kB
Γö£ Γùï /svci-admin-register                       3.67 kB         142 kB
Γö£ Γùï /svci-admin-secure-login                   2.04 kB         140 kB
Γöö Γùï /why-us                                    1.93 kB         135 kB
+ First Load JS shared by all                  147 kB
  Γö£ chunks/framework-36400550a02b702e.js       45.4 kB
  Γö£ chunks/main-3461bb77c417d95d.js            33.2 kB
  Γö£ chunks/pages/_app-259e39e99a9d60e0.js      52.1 kB
  Γö£ chunks/webpack-0e278e029a080160.js         1.98 kB
  Γöö css/18d2522bd1577b21.css                   13.9 kB

╞Æ Middleware                                   57.9 kB

╬╗  (Server)  server-side renders at runtime (uses getInitialProps or getServerSideProps)
Γùï  (Static)  automatically rendered as static HTML (uses no initial props)

